Archive member included to satisfy reference by file (symbol)

c:/program files (x86)/atmel/studio/7.0/toolchain/arm/arm-gnu-toolchain/bin/../lib/gcc/arm-none-eabi/6.3.1/../../../../arm-none-eabi/lib/thumb/v7-m\libc.a(lib_a-exit.o)
                              c:/program files (x86)/atmel/studio/7.0/toolchain/arm/arm-gnu-toolchain/bin/../lib/gcc/arm-none-eabi/6.3.1/../../../../arm-none-eabi/lib/thumb/v7-m/crt0.o (exit)
c:/program files (x86)/atmel/studio/7.0/toolchain/arm/arm-gnu-toolchain/bin/../lib/gcc/arm-none-eabi/6.3.1/../../../../arm-none-eabi/lib/thumb/v7-m\libc.a(lib_a-impure.o)
                              c:/program files (x86)/atmel/studio/7.0/toolchain/arm/arm-gnu-toolchain/bin/../lib/gcc/arm-none-eabi/6.3.1/../../../../arm-none-eabi/lib/thumb/v7-m\libc.a(lib_a-exit.o) (_global_impure_ptr)
c:/program files (x86)/atmel/studio/7.0/toolchain/arm/arm-gnu-toolchain/bin/../lib/gcc/arm-none-eabi/6.3.1/../../../../arm-none-eabi/lib/thumb/v7-m\libc.a(lib_a-init.o)
                              c:/program files (x86)/atmel/studio/7.0/toolchain/arm/arm-gnu-toolchain/bin/../lib/gcc/arm-none-eabi/6.3.1/../../../../arm-none-eabi/lib/thumb/v7-m/crt0.o (__libc_init_array)
c:/program files (x86)/atmel/studio/7.0/toolchain/arm/arm-gnu-toolchain/bin/../lib/gcc/arm-none-eabi/6.3.1/../../../../arm-none-eabi/lib/thumb/v7-m\libc.a(lib_a-memset.o)
                              c:/program files (x86)/atmel/studio/7.0/toolchain/arm/arm-gnu-toolchain/bin/../lib/gcc/arm-none-eabi/6.3.1/../../../../arm-none-eabi/lib/thumb/v7-m/crt0.o (memset)
c:/program files (x86)/atmel/studio/7.0/toolchain/arm/arm-gnu-toolchain/bin/../lib/gcc/arm-none-eabi/6.3.1/../../../../arm-none-eabi/lib/thumb/v7-m\libc.a(lib_a-__call_atexit.o)
                              c:/program files (x86)/atmel/studio/7.0/toolchain/arm/arm-gnu-toolchain/bin/../lib/gcc/arm-none-eabi/6.3.1/../../../../arm-none-eabi/lib/thumb/v7-m\libc.a(lib_a-exit.o) (__call_exitprocs)
c:/program files (x86)/atmel/studio/7.0/toolchain/arm/arm-gnu-toolchain/bin/../lib/gcc/arm-none-eabi/6.3.1/../../../../arm-none-eabi/lib/thumb/v7-m\libc.a(lib_a-atexit.o)
                              c:/program files (x86)/atmel/studio/7.0/toolchain/arm/arm-gnu-toolchain/bin/../lib/gcc/arm-none-eabi/6.3.1/../../../../arm-none-eabi/lib/thumb/v7-m\libc.a(lib_a-__call_atexit.o) (atexit)
c:/program files (x86)/atmel/studio/7.0/toolchain/arm/arm-gnu-toolchain/bin/../lib/gcc/arm-none-eabi/6.3.1/../../../../arm-none-eabi/lib/thumb/v7-m\libc.a(lib_a-fini.o)
                              c:/program files (x86)/atmel/studio/7.0/toolchain/arm/arm-gnu-toolchain/bin/../lib/gcc/arm-none-eabi/6.3.1/../../../../arm-none-eabi/lib/thumb/v7-m\libc.a(lib_a-__call_atexit.o) (__libc_fini_array)
c:/program files (x86)/atmel/studio/7.0/toolchain/arm/arm-gnu-toolchain/bin/../lib/gcc/arm-none-eabi/6.3.1/../../../../arm-none-eabi/lib/thumb/v7-m\libc.a(lib_a-lock.o)
                              c:/program files (x86)/atmel/studio/7.0/toolchain/arm/arm-gnu-toolchain/bin/../lib/gcc/arm-none-eabi/6.3.1/../../../../arm-none-eabi/lib/thumb/v7-m\libc.a(lib_a-__call_atexit.o) (__retarget_lock_acquire_recursive)
c:/program files (x86)/atmel/studio/7.0/toolchain/arm/arm-gnu-toolchain/bin/../lib/gcc/arm-none-eabi/6.3.1/../../../../arm-none-eabi/lib/thumb/v7-m\libc.a(lib_a-__atexit.o)
                              c:/program files (x86)/atmel/studio/7.0/toolchain/arm/arm-gnu-toolchain/bin/../lib/gcc/arm-none-eabi/6.3.1/../../../../arm-none-eabi/lib/thumb/v7-m\libc.a(lib_a-atexit.o) (__register_exitproc)

Allocating common symbols
Common symbol       size              file

__lock___atexit_recursive_mutex
                    0x1               c:/program files (x86)/atmel/studio/7.0/toolchain/arm/arm-gnu-toolchain/bin/../lib/gcc/arm-none-eabi/6.3.1/../../../../arm-none-eabi/lib/thumb/v7-m\libc.a(lib_a-lock.o)
__lock___arc4random_mutex
                    0x1               c:/program files (x86)/atmel/studio/7.0/toolchain/arm/arm-gnu-toolchain/bin/../lib/gcc/arm-none-eabi/6.3.1/../../../../arm-none-eabi/lib/thumb/v7-m\libc.a(lib_a-lock.o)
__lock___env_recursive_mutex
                    0x1               c:/program files (x86)/atmel/studio/7.0/toolchain/arm/arm-gnu-toolchain/bin/../lib/gcc/arm-none-eabi/6.3.1/../../../../arm-none-eabi/lib/thumb/v7-m\libc.a(lib_a-lock.o)
__lock___sinit_recursive_mutex
                    0x1               c:/program files (x86)/atmel/studio/7.0/toolchain/arm/arm-gnu-toolchain/bin/../lib/gcc/arm-none-eabi/6.3.1/../../../../arm-none-eabi/lib/thumb/v7-m\libc.a(lib_a-lock.o)
__lock___malloc_recursive_mutex
                    0x1               c:/program files (x86)/atmel/studio/7.0/toolchain/arm/arm-gnu-toolchain/bin/../lib/gcc/arm-none-eabi/6.3.1/../../../../arm-none-eabi/lib/thumb/v7-m\libc.a(lib_a-lock.o)
rx_buffer           0x42              uart.o
__lock___at_quick_exit_mutex
[...]
Memory Configuration

Name             Origin             Length             Attributes
rom              0x00080000         0x00080000         xr
ram              0x20000000         0x00018000         xrw
*default*        0x00000000         0xffffffff

Linker script and memory map

LOAD c:/program files (x86)/atmel/studio/7.0/toolchain/arm/arm-gnu-toolchain/bin/../lib/gcc/arm-none-eabi/6.3.1/thumb/v7-m/crti.o
LOAD c:/program files (x86)/atmel/studio/7.0/toolchain/arm/arm-gnu-toolchain/bin/../lib/gcc/arm-none-eabi/6.3.1/thumb/v7-m/crtbegin.o
LOAD c:/program files (x86)/atmel/studio/7.0/toolchain/arm/arm-gnu-toolchain/bin/../lib/gcc/arm-none-eabi/6.3.1/../../../../arm-none-eabi/lib/thumb/v7-m/crt0.o
LOAD can_controller.o
LOAD can_interrupt.o
LOAD Device_Startup/startup_sam3xa.o
LOAD Device_Startup/system_sam3xa.o
LOAD main.o
LOAD printf-stdarg.o
LOAD uart.o
START GROUP
LOAD c:/program files (x86)/atmel/studio/7.0/toolchain/arm/arm-gnu-toolchain/bin/../lib/gcc/arm-none-eabi/6.3.1/../../../../arm-none-eabi/lib/thumb/v7-m\libm.a
END GROUP
START GROUP
LOAD c:/program files (x86)/atmel/studio/7.0/toolchain/arm/arm-gnu-toolchain/bin/../lib/gcc/arm-none-eabi/6.3.1/thumb/v7-m\libgcc.a
LOAD c:/program files (x86)/atmel/studio/7.0/toolchain/arm/arm-gnu-toolchain/bin/../lib/gcc/arm-none-eabi/6.3.1/../../../../arm-none-eabi/lib/thumb/v7-m\libc.a
END GROUP
LOAD c:/program files (x86)/atmel/studio/7.0/toolchain/arm/arm-gnu-toolchain/bin/../lib/gcc/arm-none-eabi/6.3.1/thumb/v7-m/crtend.o
LOAD c:/program files (x86)/atmel/studio/7.0/toolchain/arm/arm-gnu-toolchain/bin/../lib/gcc/arm-none-eabi/6.3.1/thumb/v7-m/crtn.o
                0x00000400                STACK_SIZE = DEFINED (STACK_SIZE)?STACK_SIZE:0x400
                0x00000200                HEAP_SIZE = DEFINED (HEAP_SIZE)?HEAP_SIZE:0x200

.text           0x00080000      0xb74
                0x00080000                . = ALIGN (0x4)
                0x00080000                _sfixed = .
 *(.vectors .vectors.*)
 .vectors       0x00080000       0xf4 Device_Startup/startup_sam3xa.o
                0x00080000                exception_table
 *(.text .text.* .gnu.linkonce.t.*)
 .text          0x000800f4       0x6c c:/program files (x86)/atmel/studio/7.0/toolchain/arm/arm-gnu-toolchain/bin/../lib/gcc/arm-none-eabi/6.3.1/thumb/v7-m/crtbegin.o
 .text.can_init
                0x00080160       0xf0 can_controller.o
                0x00080160                can_init
 .text.can_init_def_tx_rx_mb
                0x00080250       0x10 can_controller.o
                0x00080250                can_init_def_tx_rx_mb
 .text.can_default_init
                0x00080260       0x10 can_controller.o
                0x00080260                can_default_init
 .text.can_receive
                0x00080270       0x84 can_controller.o
                0x00080270                can_receive
 .text.CAN0_Handler
                0x000802f4       0x70 can_interrupt.o
                0x000802f4                CAN0_Handler
 .text.Dummy_Handler
                0x00080364        0x2 Device_Startup/startup_sam3xa.o
                0x00080364                DACC_Handler
                0x00080364                DebugMon_Handler
                0x00080364                DMAC_Handler
                0x00080364                TRNG_Handler
                0x00080364                HardFault_Handler
                0x00080364                TC2_Handler
                0x00080364                SysTick_Handler
                0x00080364                USART3_Handler
                0x00080364                TWI1_Handler
                0x00080364                PendSV_Handler
                0x00080364                NMI_Handler
                0x00080364                TC7_Handler
                0x00080364                ADC_Handler
                0x00080364                SMC_Handler
                0x00080364                USART0_Handler
                0x00080364                RTT_Handler
                0x00080364                EFC1_Handler
                0x00080364                PIOB_Handler
                0x00080364                RTC_Handler
                0x00080364                UsageFault_Handler
                0x00080364                TC6_Handler
                0x00080364                WDT_Handler
                0x00080364                TC4_Handler
                0x00080364                TC1_Handler
                0x00080364                HSMCI_Handler
                0x00080364                TC3_Handler
                0x00080364                Dummy_Handler
                0x00080364                TWI0_Handler
                0x00080364                USART1_Handler
                0x00080364                PIOA_Handler
                0x00080364                SSC_Handler
                0x00080364                EFC0_Handler
                0x00080364                PMC_Handler
                0x00080364                PWM_Handler
                0x00080364                CAN1_Handler
                0x00080364                MemManage_Handler
                0x00080364                SUPC_Handler
                0x00080364                SVC_Handler
                0x00080364                TC8_Handler
                0x00080364                USART2_Handler
                0x00080364                PIOD_Handler
                0x00080364                EMAC_Handler
                0x00080364                PIOC_Handler
                0x00080364                BusFault_Handler
                0x00080364                RSTC_Handler
                0x00080364                TC0_Handler
                0x00080364                TC5_Handler
                0x00080364                UOTGHS_Handler
                0x00080364                SPI0_Handler
 *fill*         0x00080366        0x2 
 .text.Reset_Handler
                0x00080368       0x88 Device_Startup/startup_sam3xa.o
                0x00080368                Reset_Handler
 .text.SystemInit
                0x000803f0       0xa4 Device_Startup/system_sam3xa.o
                0x000803f0                SystemInit
 .text.main     0x00080494       0xac main.o
                0x00080494                main
 .text.prints   0x00080540       0xac printf-stdarg.o
 .text.printi   0x000805ec       0xbc printf-stdarg.o
 .text.print    0x000806a8      0x160 printf-stdarg.o
 .text.printf   0x00080808       0x24 printf-stdarg.o
                0x00080808                printf
 .text.configure_uart
                0x0008082c       0x68 uart.o
                0x0008082c                configure_uart
 .text.uart_putchar
                0x00080894       0x24 uart.o
                0x00080894                uart_putchar
 .text.UART_Handler
                0x000808b8       0x68 uart.o
                0x000808b8                UART_Handler
 .text.__libc_init_array
                0x00080920       0x50 c:/program files (x86)/atmel/studio/7.0/toolchain/arm/arm-gnu-toolchain/bin/../lib/gcc/arm-none-eabi/6.3.1/../../../../arm-none-eabi/lib/thumb/v7-m\libc.a(lib_a-init.o)
                0x00080920                __libc_init_array
 .text.startup.register_fini
                0x00080970       0x14 c:/program files (x86)/atmel/studio/7.0/toolchain/arm/arm-gnu-toolchain/bin/../lib/gcc/arm-none-eabi/6.3.1/../../../../arm-none-eabi/lib/thumb/v7-m\libc.a(lib_a-__call_atexit.o)
 .text.atexit   0x00080984        0xc c:/program files (x86)/atmel/studio/7.0/toolchain/arm/arm-gnu-toolchain/bin/../lib/gcc/arm-none-eabi/6.3.1/../../../../arm-none-eabi/lib/thumb/v7-m\libc.a(lib_a-atexit.o)
                0x00080984                atexit
 .text.__libc_fini_array
                0x00080990       0x34 c:/program files (x86)/atmel/studio/7.0/toolchain/arm/arm-gnu-toolchain/bin/../lib/gcc/arm-none-eabi/6.3.1/../../../../arm-none-eabi/lib/thumb/v7-m\libc.a(lib_a-fini.o)
                0x00080990                __libc_fini_array
 .text.__retarget_lock_acquire_recursive
                0x000809c4        0x4 c:/program files (x86)/atmel/studio/7.0/toolchain/arm/arm-gnu-toolchain/bin/../lib/gcc/arm-none-eabi/6.3.1/../../../../arm-none-eabi/lib/thumb/v7-m\libc.a(lib_a-lock.o)
                0x000809c4                __retarget_lock_acquire_recursive
 .text.__retarget_lock_release_recursive
                0x000809c8        0x4 c:/program files (x86)/atmel/studio/7.0/toolchain/arm/arm-gnu-toolchain/bin/../lib/gcc/arm-none-eabi/6.3.1/../../../../arm-none-eabi/lib/thumb/v7-m\libc.a(lib_a-lock.o)
                0x000809c8                __retarget_lock_release_recursive
 .text.__register_exitproc
                0x000809cc       0xc4 c:/program files (x86)/atmel/studio/7.0/toolchain/arm/arm-gnu-toolchain/bin/../lib/gcc/arm-none-eabi/6.3.1/../../../../arm-none-eabi/lib/thumb/v7-m\libc.a(lib_a-__atexit.o)
                0x000809cc                __register_exitproc
 *(.glue_7t)
 .glue_7t       0x00080a90        0x0 linker stubs
 *(.glue_7)
 .glue_7        0x00080a90        0x0 linker stubs
 *(.rodata .rodata* .gnu.linkonce.r.*)
 .rodata.str1.4
                0x00080a90       0x2b can_interrupt.o
 *fill*         0x00080abb        0x1 
 .rodata.str1.4
                0x00080abc       0x67 main.o
 *fill*         0x00080b23        0x1 
 .rodata.str1.4
                0x00080b24        0x7 printf-stdarg.o
 *fill*         0x00080b2b        0x1 
 .rodata.str1.4
                0x00080b2c       0x20 uart.o
                                 0x1e (size before relaxing)
 .rodata._global_impure_ptr
                0x00080b4c        0x4 c:/program files (x86)/atmel/studio/7.0/toolchain/arm/arm-gnu-toolchain/bin/../lib/gcc/arm-none-eabi/6.3.1/../../../../arm-none-eabi/lib/thumb/v7-m\libc.a(lib_a-impure.o)
                0x00080b4c                _global_impure_ptr
 *(.ARM.extab* .gnu.linkonce.armextab.*)
                0x00080b50                . = ALIGN (0x4)
 *(.init)
 .init          0x00080b50        0x4 c:/program files (x86)/atmel/studio/7.0/toolchain/arm/arm-gnu-toolchain/bin/../lib/gcc/arm-none-eabi/6.3.1/thumb/v7-m/crti.o
                0x00080b50                _init
 .init          0x00080b54        0x8 c:/program files (x86)/atmel/studio/7.0/toolchain/arm/arm-gnu-toolchain/bin/../lib/gcc/arm-none-eabi/6.3.1/thumb/v7-m/crtn.o
                0x00080b5c                . = ALIGN (0x4)
                0x00080b5c                __preinit_array_start = .
 *(.preinit_array)
                0x00080b5c                __preinit_array_end = .
                0x00080b5c                . = ALIGN (0x4)
                0x00080b5c                __init_array_start = .
 *(SORT(.init_array.*))
 .init_array.00000
                0x00080b5c        0x4 c:/program files (x86)/atmel/studio/7.0/toolchain/arm/arm-gnu-toolchain/bin/../lib/gcc/arm-none-eabi/6.3.1/../../../../arm-none-eabi/lib/thumb/v7-m\libc.a(lib_a-__call_atexit.o)
 *(.init_array)
 .init_array    0x00080b60        0x4 c:/program files (x86)/atmel/studio/7.0/toolchain/arm/arm-gnu-toolchain/bin/../lib/gcc/arm-none-eabi/6.3.1/thumb/v7-m/crtbegin.o
                0x00080b64                __init_array_end = .
                0x00080b64                . = ALIGN (0x4)
 *crtbegin.o(.ctors)
 *(EXCLUDE_FILE(*crtend.o) .ctors)
 *(SORT(.ctors.*))
 *crtend.o(.ctors)
                0x00080b64                . = ALIGN (0x4)
 *(.fini)
 .fini          0x00080b64        0x4 c:/program files (x86)/atmel/studio/7.0/toolchain/arm/arm-gnu-toolchain/bin/../lib/gcc/arm-none-eabi/6.3.1/thumb/v7-m/crti.o
                0x00080b64                _fini
 .fini          0x00080b68        0x8 c:/program files (x86)/atmel/studio/7.0/toolchain/arm/arm-gnu-toolchain/bin/../lib/gcc/arm-none-eabi/6.3.1/thumb/v7-m/crtn.o
                0x00080b70                . = ALIGN (0x4)
                0x00080b70                __fini_array_start = .
 *(.fini_array)
 .fini_array    0x00080b70        0x4 c:/program files (x86)/atmel/studio/7.0/toolchain/arm/arm-gnu-toolchain/bin/../lib/gcc/arm-none-eabi/6.3.1/thumb/v7-m/crtbegin.o
 *(SORT(.fini_array.*))
                0x00080b74                __fini_array_end = .
 *crtbegin.o(.dtors)
 *(EXCLUDE_FILE(*crtend.o) .dtors)
 *(SORT(.dtors.*))
 *crtend.o(.dtors)
                0x00080b74                . = ALIGN (0x4)
                0x00080b74                _efixed = .
                [!provide]                PROVIDE (__exidx_start, .)

.vfp11_veneer   0x00080b74        0x0
 .vfp11_veneer  0x00080b74        0x0 linker stubs

.v4_bx          0x00080b74        0x0
 .v4_bx         0x00080b74        0x0 linker stubs

.iplt           0x00080b74        0x0
 .iplt          0x00080b74        0x0 c:/program files (x86)/atmel/studio/7.0/toolchain/arm/arm-gnu-toolchain/bin/../lib/gcc/arm-none-eabi/6.3.1/thumb/v7-m/crtbegin.o

.eh_frame       0x00080b74        0x0
 .eh_frame      0x00080b74        0x0 c:/program files (x86)/atmel/studio/7.0/toolchain/arm/arm-gnu-toolchain/bin/../lib/gcc/arm-none-eabi/6.3.1/thumb/v7-m/crtbegin.o

.rel.dyn        0x00080b74        0x0
 .rel.iplt      0x00080b74        0x0 c:/program files (x86)/atmel/studio/7.0/toolchain/arm/arm-gnu-toolchain/bin/../lib/gcc/arm-none-eabi/6.3.1/thumb/v7-m/crtbegin.o

.jcr            0x00080b74        0x0
 .jcr           0x00080b74        0x0 c:/program files (x86)/atmel/studio/7.0/toolchain/arm/arm-gnu-toolchain/bin/../lib/gcc/arm-none-eabi/6.3.1/thumb/v7-m/crtbegin.o

.igot.plt       0x00080b74        0x0
 .igot.plt      0x00080b74        0x0 c:/program files (x86)/atmel/studio/7.0/toolchain/arm/arm-gnu-toolchain/bin/../lib/gcc/arm-none-eabi/6.3.1/thumb/v7-m/crtbegin.o

.ARM.exidx
 *(.ARM.exidx* .gnu.linkonce.armexidx.*)
                [!provide]                PROVIDE (__exidx_end, .)
                0x00080b74                . = ALIGN (0x4)
                0x00080b74                _etext = .

.relocate       0x20000000      0x434 load address 0x00080b74
                0x20000000                . = ALIGN (0x4)
                0x20000000                _srelocate = .
 *(.ramfunc .ramfunc.*)
 *(.data .data.*)
 .data          0x20000000        0x4 Device_Startup/system_sam3xa.o
                0x20000000                SystemCoreClock
 *fill*         0x20000004        0x4 
 .data.impure_data
                0x20000008      0x428 c:/program files (x86)/atmel/studio/7.0/toolchain/arm/arm-gnu-toolchain/bin/../lib/gcc/arm-none-eabi/6.3.1/../../../../arm-none-eabi/lib/thumb/v7-m\libc.a(lib_a-impure.o)
 .data.__atexit_recursive_mutex
                0x20000430        0x4 c:/program files (x86)/atmel/studio/7.0/toolchain/arm/arm-gnu-toolchain/bin/../lib/gcc/arm-none-eabi/6.3.1/../../../../arm-none-eabi/lib/thumb/v7-m\libc.a(lib_a-__call_atexit.o)
                0x20000430                __atexit_recursive_mutex
                0x20000434                . = ALIGN (0x4)
                0x20000434                _erelocate = .

.bss            0x20000434       0x84 load address 0x00080fa8
                0x20000434                . = ALIGN (0x4)
                0x20000434                _sbss = .
                0x20000434                _szero = .
 *(.bss .bss.*)
 .bss           0x20000434       0x1c c:/program files (x86)/atmel/studio/7.0/toolchain/arm/arm-gnu-toolchain/bin/../lib/gcc/arm-none-eabi/6.3.1/thumb/v7-m/crtbegin.o
 *(COMMON)
 COMMON         0x20000450       0x42 uart.o
                0x20000450                rx_buffer
 *fill*         0x20000492        0x2 
 COMMON         0x20000494       0x21 c:/program files (x86)/atmel/studio/7.0/toolchain/arm/arm-gnu-toolchain/bin/../lib/gcc/arm-none-eabi/6.3.1/../../../../arm-none-eabi/lib/thumb/v7-m\libc.a(lib_a-lock.o)
                0x20000494                __lock___atexit_recursive_mutex
                0x20000498                __lock___arc4random_mutex
                0x2000049c                __lock___env_recursive_mutex
                0x200004a0                __lock___sinit_recursive_mutex
                0x200004a4                __lock___malloc_recursive_mutex
                0x200004a8                __lock___at_quick_exit_mutex
                0x200004ac                __lock___dd_hash_mutex
                0x200004b0                __lock___tz_mutex
                0x200004b4                __lock___sfp_recursive_mutex
                0x200004b8                . = ALIGN (0x4)
 *fill*         0x200004b5        0x3 
                0x200004b8                _ebss = .
                0x200004b8                _ezero = .

.stack          0x200004b8      0x400 load address 0x0008102c
                0x200004b8                . = ALIGN (0x8)
                0x200004b8                _sstack = .
                0x200008b8                . = (. + STACK_SIZE)
 *fill*         0x200004b8      0x400 
                0x200008b8                . = ALIGN (0x8)
                0x200008b8                _estack = .

.heap           0x200008b8      0x200 load address 0x0008142c
                0x200008b8                . = ALIGN (0x8)
                0x200008b8                _sheap = .
                0x20000ab8                . = (. + HEAP_SIZE)
 *fill*         0x200008b8      0x200 
                0x20000ab8                . = ALIGN (0x8)
                0x20000ab8                _eheap = .
                0x20000ab8                . = ALIGN (0x4)
                0x20000ab8                _end = .
                0x20017fff                _ram_end_ = ((ORIGIN (ram) + LENGTH (ram)) - 0x1)
OUTPUT(node_2.elf elf32-littlearm)

.ARM.attributes
                0x00000000       0x29
 .ARM.attributes
                0x00000000       0x1d c:/program files (x86)/atmel/studio/7.0/toolchain/arm/arm-gnu-toolchain/bin/../lib/gcc/arm-none-eabi/6.3.1/thumb/v7-m/crti.o
 .ARM.attributes
                0x0000001d       0x2d c:/program files (x86)/atmel/studio/7.0/toolchain/arm/arm-gnu-toolchain/bin/../lib/gcc/arm-none-eabi/6.3.1/thumb/v7-m/crtbegin.o
 .ARM.attributes
                0x0000004a       0x33 can_controller.o
 .ARM.attributes
                0x0000007d       0x33 can_interrupt.o
 .ARM.attributes
                0x000000b0       0x33 Device_Startup/startup_sam3xa.o
 .ARM.attributes
                0x000000e3       0x33 Device_Startup/system_sam3xa.o
 .ARM.attributes
                0x00000116       0x33 main.o
 .ARM.attributes
                0x00000149       0x33 printf-stdarg.o
 .ARM.attributes
                0x0000017c       0x33 uart.o
 .ARM.attributes
                0x000001af       0x2d c:/program files (x86)/atmel/studio/7.0/toolchain/arm/arm-gnu-toolchain/bin/../lib/gcc/arm-none-eabi/6.3.1/../../../../arm-none-eabi/lib/thumb/v7-m\libc.a(lib_a-impure.o)
 .ARM.attributes
                0x000001dc       0x2d c:/program files (x86)/atmel/studio/7.0/toolchain/arm/arm-gnu-toolchain/bin/../lib/gcc/arm-none-eabi/6.3.1/../../../../arm-none-eabi/lib/thumb/v7-m\libc.a(lib_a-init.o)
 .ARM.attributes
                0x00000209       0x2d c:/program files (x86)/atmel/studio/7.0/toolchain/arm/arm-gnu-toolchain/bin/../lib/gcc/arm-none-eabi/6.3.1/../../../../arm-none-eabi/lib/thumb/v7-m\libc.a(lib_a-__call_atexit.o)
 .ARM.attributes
                0x00000236       0x2d c:/program files (x86)/atmel/studio/7.0/toolchain/arm/arm-gnu-toolchain/bin/../lib/gcc/arm-none-eabi/6.3.1/../../../../arm-none-eabi/lib/thumb/v7-m\libc.a(lib_a-atexit.o)
 .ARM.attributes
                0x00000263       0x2d c:/program files (x86)/atmel/studio/7.0/toolchain/arm/arm-gnu-toolchain/bin/../lib/gcc/arm-none-eabi/6.3.1/../../../../arm-none-eabi/lib/thumb/v7-m\libc.a(lib_a-fini.o)
 .ARM.attributes
                0x00000290       0x2d c:/program files (x86)/atmel/studio/7.0/toolchain/arm/arm-gnu-toolchain/bin/../lib/gcc/arm-none-eabi/6.3.1/../../../../arm-none-eabi/lib/thumb/v7-m\libc.a(lib_a-lock.o)
 .ARM.attributes
                0x000002bd       0x2d c:/program files (x86)/atmel/studio/7.0/toolchain/arm/arm-gnu-toolchain/bin/../lib/gcc/arm-none-eabi/6.3.1/../../../../arm-none-eabi/lib/thumb/v7-m\libc.a(lib_a-__atexit.o)
 .ARM.attributes
                0x000002ea       0x1d c:/program files (x86)/atmel/studio/7.0/toolchain/arm/arm-gnu-toolchain/bin/../lib/gcc/arm-none-eabi/6.3.1/thumb/v7-m/crtn.o

.comment        0x00000000       0x59
 .comment       0x00000000       0x59 can_controller.o
                                 0x5a (size before relaxing)
 .comment       0x00000059       0x5a can_interrupt.o
 .comment       0x00000059       0x5a Device_Startup/startup_sam3xa.o
 .comment       0x00000059       0x5a Device_Startup/system_sam3xa.o
 .comment       0x00000059       0x5a main.o
 .comment       0x00000059       0x5a printf-stdarg.o
 .comment       0x00000059       0x5a uart.o

.debug_info     0x00000000     0x4cbd
 .debug_info    0x00000000      0xd9b can_controller.o
 .debug_info    0x00000d9b      0xf7f can_interrupt.o
 .debug_info    0x00001d1a      0x74e Device_Startup/startup_sam3xa.o
 .debug_info    0x00002468      0x444 Device_Startup/system_sam3xa.o
 .debug_info    0x000028ac     0x1167 main.o
 .debug_info    0x00003a13      0x65f printf-stdarg.o
 .debug_info    0x00004072      0xc4b uart.o

.debug_abbrev   0x00000000      0xd68
 .debug_abbrev  0x00000000      0x21f can_controller.o
 .debug_abbrev  0x0000021f      0x2ac can_interrupt.o
 .debug_abbrev  0x000004cb      0x153 Device_Startup/startup_sam3xa.o
 .debug_abbrev  0x0000061e      0x102 Device_Startup/system_sam3xa.o
 .debug_abbrev  0x00000720      0x227 main.o
 .debug_abbrev  0x00000947      0x1e6 printf-stdarg.o
 .debug_abbrev  0x00000b2d      0x23b uart.o

.debug_loc      0x00000000     0x101d
 .debug_loc     0x00000000      0x317 can_controller.o
 .debug_loc     0x00000317       0x78 can_interrupt.o
 .debug_loc     0x0000038f       0x6b Device_Startup/startup_sam3xa.o
 .debug_loc     0x000003fa       0x4b main.o
 .debug_loc     0x00000445      0xb0a printf-stdarg.o
 .debug_loc     0x00000f4f       0xce uart.o

.debug_aranges  0x00000000      0x158
 .debug_aranges
                0x00000000       0x40 can_controller.o
 .debug_aranges
                0x00000040       0x20 can_interrupt.o
 .debug_aranges
                0x00000060       0x28 Device_Startup/startup_sam3xa.o
 .debug_aranges
                0x00000088       0x30 Device_Startup/system_sam3xa.o
 .debug_aranges
                0x000000b8       0x20 main.o
 .debug_aranges
                0x000000d8       0x48 printf-stdarg.o
 .debug_aranges
                0x00000120       0x38 uart.o

.debug_ranges   0x00000000      0x130
 .debug_ranges  0x00000000       0x30 can_controller.o
 .debug_ranges  0x00000030       0x28 can_interrupt.o
 .debug_ranges  0x00000058       0x18 Device_Startup/startup_sam3xa.o
 .debug_ranges  0x00000070       0x20 Device_Startup/system_sam3xa.o
 .debug_ranges  0x00000090       0x10 main.o
 .debug_ranges  0x000000a0       0x68 printf-stdarg.o
 .debug_ranges  0x00000108       0x28 uart.o

.debug_macro    0x00000000    0x11c34
 .debug_macro   0x00000000      0x364 can_controller.o
 .debug_macro   0x00000364      0x8b0 can_controller.o
 .debug_macro   0x00000c14       0x22 can_controller.o
 .debug_macro   0x00000c36       0x87 can_controller.o
 .debug_macro   0x00000cbd       0x51 can_controller.o
 .debug_macro   0x00000d0e       0xef can_controller.o
 .debug_macro   0x00000dfd       0x6a can_controller.o
 .debug_macro   0x00000e67      0x1df can_controller.o
 .debug_macro   0x00001046       0x34 can_controller.o
 .debug_macro   0x0000107a       0x26 can_controller.o
 .debug_macro   0x000010a0       0x28 can_controller.o
 .debug_macro   0x000010c8       0x93 can_controller.o
 .debug_macro   0x0000115b      0xe18 can_controller.o
 .debug_macro   0x00001f73      0xa7d can_controller.o
 .debug_macro   0x000029f0      0x55a can_controller.o
 .debug_macro   0x00002f4a      0x1a8 can_controller.o
 .debug_macro   0x000030f2      0x30b can_controller.o
 .debug_macro   0x000033fd      0x709 can_controller.o
 .debug_macro   0x00003b06       0xd6 can_controller.o
 .debug_macro   0x00003bdc      0x56c can_controller.o
 .debug_macro   0x00004148       0x1c can_controller.o
 .debug_macro   0x00004164      0x678 can_controller.o
 .debug_macro   0x000047dc      0x51e can_controller.o
 .debug_macro   0x00004cfa       0xbe can_controller.o
 .debug_macro   0x00004db8     0x2333 can_controller.o
 .debug_macro   0x000070eb      0x7d1 can_controller.o
 .debug_macro   0x000078bc      0xdbb can_controller.o
 .debug_macro   0x00008677       0x9a can_controller.o
 .debug_macro   0x00008711      0x29c can_controller.o
 .debug_macro   0x000089ad       0x58 can_controller.o
 .debug_macro   0x00008a05      0x999 can_controller.o
 .debug_macro   0x0000939e      0x22d can_controller.o
 .debug_macro   0x000095cb      0x4b4 can_controller.o
 .debug_macro   0x00009a7f      0x64a can_controller.o
 .debug_macro   0x0000a0c9      0x590 can_controller.o
 .debug_macro   0x0000a659       0x46 can_controller.o
 .debug_macro   0x0000a69f      0x33f can_controller.o
 .debug_macro   0x0000a9de      0x27e can_controller.o
 .debug_macro   0x0000ac5c     0x14dc can_controller.o
 .debug_macro   0x0000c138      0x7cf can_controller.o
 .debug_macro   0x0000c907       0x76 can_controller.o
 .debug_macro   0x0000c97d       0x82 can_controller.o
 .debug_macro   0x0000c9ff       0x76 can_controller.o
 .debug_macro   0x0000ca75       0x4c can_controller.o
 .debug_macro   0x0000cac1      0x100 can_controller.o
 .debug_macro   0x0000cbc1      0x100 can_controller.o
 .debug_macro   0x0000ccc1      0x100 can_controller.o
 .debug_macro   0x0000cdc1       0x88 can_controller.o
 .debug_macro   0x0000ce49       0x88 can_controller.o
 .debug_macro   0x0000ced1      0x3b4 can_controller.o
 .debug_macro   0x0000d285       0xbe can_controller.o
 .debug_macro   0x0000d343       0xbe can_controller.o
 .debug_macro   0x0000d401       0xbe can_controller.o
 .debug_macro   0x0000d4bf       0xbe can_controller.o
 .debug_macro   0x0000d57d      0x2b8 can_controller.o
 .debug_macro   0x0000d835      0x118 can_controller.o
 .debug_macro   0x0000d94d      0x216 can_controller.o
 .debug_macro   0x0000db63      0x216 can_controller.o
 .debug_macro   0x0000dd79       0x2e can_controller.o
 .debug_macro   0x0000dda7       0xac can_controller.o
 .debug_macro   0x0000de53      0x13e can_controller.o
 .debug_macro   0x0000df91       0x7c can_controller.o
 .debug_macro   0x0000e00d      0x1f6 can_controller.o
 .debug_macro   0x0000e203       0x64 can_controller.o
 .debug_macro   0x0000e267       0xa6 can_controller.o
 .debug_macro   0x0000e30d       0x7c can_controller.o
 .debug_macro   0x0000e389       0x16 can_controller.o
 .debug_macro   0x0000e39f       0x22 can_controller.o
 .debug_macro   0x0000e3c1       0x22 can_controller.o
 .debug_macro   0x0000e3e3      0x10c can_controller.o
 .debug_macro   0x0000e4ef      0x10c can_controller.o
 .debug_macro   0x0000e5fb      0x10c can_controller.o
 .debug_macro   0x0000e707      0x10c can_controller.o
 .debug_macro   0x0000e813       0x1c can_controller.o
 .debug_macro   0x0000e82f       0x2e can_controller.o
 .debug_macro   0x0000e85d       0x22 can_controller.o
 .debug_macro   0x0000e87f       0x1c can_controller.o
 .debug_macro   0x0000e89b       0x58 can_controller.o
 .debug_macro   0x0000e8f3       0x10 can_controller.o
 .debug_macro   0x0000e903      0x27a can_controller.o
 .debug_macro   0x0000eb7d      0xd34 can_controller.o
 .debug_macro   0x0000f8b1      0x170 can_controller.o
 .debug_macro   0x0000fa21      0x4bc can_interrupt.o
 .debug_macro   0x0000fedd       0x52 can_interrupt.o
 .debug_macro   0x0000ff2f       0x8d can_interrupt.o
 .debug_macro   0x0000ffbc       0x35 can_interrupt.o
 .debug_macro   0x0000fff1       0x9c can_interrupt.o
 .debug_macro   0x0001008d       0x16 can_interrupt.o
 .debug_macro   0x000100a3       0x57 can_interrupt.o
 .debug_macro   0x000100fa       0x97 can_interrupt.o
 .debug_macro   0x00010191      0x353 can_interrupt.o
 .debug_macro   0x000104e4       0xf6 can_interrupt.o
 .debug_macro   0x000105da       0x10 can_interrupt.o
 .debug_macro   0x000105ea       0x58 can_interrupt.o
 .debug_macro   0x00010642       0x1f can_interrupt.o
 .debug_macro   0x00010661       0x43 can_interrupt.o
 .debug_macro   0x000106a4       0x20 can_interrupt.o
 .debug_macro   0x000106c4      0x187 can_interrupt.o
 .debug_macro   0x0001084b       0x10 can_interrupt.o
 .debug_macro   0x0001085b       0x1c can_interrupt.o
 .debug_macro   0x00010877       0x52 can_interrupt.o
 .debug_macro   0x000108c9       0x40 can_interrupt.o
 .debug_macro   0x00010909       0x10 can_interrupt.o
 .debug_macro   0x00010919       0x40 can_interrupt.o
 .debug_macro   0x00010959       0xd7 can_interrupt.o
 .debug_macro   0x00010a30       0x16 can_interrupt.o
 .debug_macro   0x00010a46      0x18b can_interrupt.o
 .debug_macro   0x00010bd1       0x20 can_interrupt.o
 .debug_macro   0x00010bf1       0x3a can_interrupt.o
 .debug_macro   0x00010c2b      0x351 Device_Startup/startup_sam3xa.o
 .debug_macro   0x00010f7c      0x363 Device_Startup/system_sam3xa.o
 .debug_macro   0x000112df      0x4bf main.o
 .debug_macro   0x0001179e       0x4c main.o
 .debug_macro   0x000117ea       0x8e printf-stdarg.o
 .debug_macro   0x00011878       0x58 printf-stdarg.o
 .debug_macro   0x000118d0      0x354 uart.o
 .debug_macro   0x00011c24       0x10 uart.o

.debug_line     0x00000000     0x31bd
 .debug_line    0x00000000      0x7c0 can_controller.o
 .debug_line    0x000007c0      0x853 can_interrupt.o
 .debug_line    0x00001013      0x6fe Device_Startup/startup_sam3xa.o
 .debug_line    0x00001711      0x774 Device_Startup/system_sam3xa.o
 .debug_line    0x00001e85      0x836 main.o
 .debug_line    0x000026bb      0x3bd printf-stdarg.o
 .debug_line    0x00002a78      0x745 uart.o

.debug_str      0x00000000    0x54131
 .debug_str     0x00000000    0x4f6ec can_controller.o
                              0x4f8c1 (size before relaxing)
 .debug_str     0x0004f6ec     0x40bc can_interrupt.o
                              0x536db (size before relaxing)
 .debug_str     0x000537a8      0x506 Device_Startup/startup_sam3xa.o
                              0x4f60b (size before relaxing)
 .debug_str     0x00053cae      0x195 Device_Startup/system_sam3xa.o
                              0x4f39e (size before relaxing)
 .debug_str     0x00053e43      0x13f main.o
                              0x5377c (size before relaxing)
 .debug_str     0x00053f82       0xac printf-stdarg.o
                               0x362c (size before relaxing)
 .debug_str     0x0005402e      0x103 uart.o
                              0x4f7e8 (size before relaxing)

.debug_frame    0x00000000      0x4a4
 .debug_frame   0x00000000       0x9c can_controller.o
 .debug_frame   0x0000009c       0x30 can_interrupt.o
 .debug_frame   0x000000cc       0x38 Device_Startup/startup_sam3xa.o
 .debug_frame   0x00000104       0x40 Device_Startup/system_sam3xa.o
 .debug_frame   0x00000144       0x30 main.o
 .debug_frame   0x00000174      0x118 printf-stdarg.o
 .debug_frame   0x0000028c       0x58 uart.o
 .debug_frame   0x000002e4       0x2c c:/program files (x86)/atmel/studio/7.0/toolchain/arm/arm-gnu-toolchain/bin/../lib/gcc/arm-none-eabi/6.3.1/../../../../arm-none-eabi/lib/thumb/v7-m\libc.a(lib_a-init.o)
 .debug_frame   0x00000310       0x5c c:/program files (x86)/atmel/studio/7.0/toolchain/arm/arm-gnu-toolchain/bin/../lib/gcc/arm-none-eabi/6.3.1/../../../../arm-none-eabi/lib/thumb/v7-m\libc.a(lib_a-__call_atexit.o)
 .debug_frame   0x0000036c       0x20 c:/program files (x86)/atmel/studio/7.0/toolchain/arm/arm-gnu-toolchain/bin/../lib/gcc/arm-none-eabi/6.3.1/../../../../arm-none-eabi/lib/thumb/v7-m\libc.a(lib_a-atexit.o)
 .debug_frame   0x0000038c       0x34 c:/program files (x86)/atmel/studio/7.0/toolchain/arm/arm-gnu-toolchain/bin/../lib/gcc/arm-none-eabi/6.3.1/../../../../arm-none-eabi/lib/thumb/v7-m\libc.a(lib_a-fini.o)
 .debug_frame   0x000003c0       0xb0 c:/program files (x86)/atmel/studio/7.0/toolchain/arm/arm-gnu-toolchain/bin/../lib/gcc/arm-none-eabi/6.3.1/../../../../arm-none-eabi/lib/thumb/v7-m\libc.a(lib_a-lock.o)
 .debug_frame   0x00000470       0x34 c:/program files (x86)/atmel/studio/7.0/toolchain/arm/arm-gnu-toolchain/bin/../lib/gcc/arm-none-eabi/6.3.1/../../../../arm-none-eabi/lib/thumb/v7-m\libc.a(lib_a-__atexit.o)
